---
source: sk-cli/src/xray/view/tests/view_test.rs
expression: cf
---
CompletedFrame {
    buffer: Buffer {
        area: Rect { x: 0, y: 0, width: 80, height: 20 },
        content: [
            "┌──────────────────────────────────────────────────────────────────────────────┐",
            "│   00:00:00 (0 applied/0 deleted)                                             │",
            "│   00:00:00 (27 applied/0 deleted)                      1 error/0 warnings    │",
            "│   00:07:03 (1 applied/0 deleted)                                             │",
            "│>> 00:09:08 (3 applied/0 deleted)                       1 error/0 warnings    │",
            "│  + dsb/url-shorten-service                                                   │",
            "│  + dsb/compose-post-service                         1 error/0 warnings       │",
            "│  + dsb/home-timeline-service                                                 │",
            "│   00:09:11 (1 applied/0 deleted)                                             │",
            "│   00:09:13 (1 applied/0 deleted)                                             │",
            "│   00:09:16 (109 applied/0 deleted)                     1 error/0 warnings    │",
            "│   00:09:23 (1 applied/0 deleted)                                             │",
            "│   00:09:43 (1 applied/0 deleted)                                             │",
            "│   00:12:48 (1 applied/0 deleted)                                             │",
            "└──────────────────────────────────────────────────────────────────────────────┘",
            "┌──────────────────────────────────────────────────────────────────────────────┐",
            "│Hello SimKube!                                                                │",
            "│Use arrows to navigate, space to select, 'q' to quit.                         │",
            "│                                                                              │",
            "└──────────────────────────────────────────────────────────────────────────────┘",
        ],
        styles: [
            x: 0, y: 0, fg: Reset, bg: Reset, underline: Reset, modifier: NONE,
            x: 56, y: 2, fg: White, bg: Red, underline: Reset, modifier: NONE,
            x: 79, y: 2, fg: Reset, bg: Reset, underline: Reset, modifier: NONE,
            x: 1, y: 4, fg: Reset, bg: Reset, underline: Reset, modifier: REVERSED,
            x: 56, y: 4, fg: White, bg: Red, underline: Reset, modifier: REVERSED,
            x: 79, y: 4, fg: Reset, bg: Reset, underline: Reset, modifier: NONE,
            x: 1, y: 5, fg: Reset, bg: Reset, underline: Reset, modifier: ITALIC,
            x: 28, y: 5, fg: Reset, bg: Reset, underline: Reset, modifier: NONE,
            x: 1, y: 6, fg: Reset, bg: Reset, underline: Reset, modifier: ITALIC,
            x: 29, y: 6, fg: Reset, bg: Reset, underline: Reset, modifier: NONE,
            x: 53, y: 6, fg: White, bg: Red, underline: Reset, modifier: NONE,
            x: 76, y: 6, fg: Reset, bg: Reset, underline: Reset, modifier: NONE,
            x: 1, y: 7, fg: Reset, bg: Reset, underline: Reset, modifier: ITALIC,
            x: 30, y: 7, fg: Reset, bg: Reset, underline: Reset, modifier: NONE,
            x: 56, y: 10, fg: White, bg: Red, underline: Reset, modifier: NONE,
            x: 79, y: 10, fg: Reset, bg: Reset, underline: Reset, modifier: NONE,
            x: 0, y: 15, fg: White, bg: Reset, underline: Reset, modifier: NONE,
        ]
    },
    area: Rect {
        x: 0,
        y: 0,
        width: 80,
        height: 20,
    },
    count: 0,
}
